index time position velocity
1 2.0000 3.0000 4.0000 
5 6.0000 7.0000 8.0000 
9 10.0000 11.0000 12.0000 
13 14.0000 15.0000 16.0000 
